// Jest Snapshot v1, https://goo.gl/fbAQLP

exports[`Reviews Component renders consistently 1`] = `
<div
  className="container"
  id="reviews"
>
  <div
    className="container"
    id="review-block"
  >
    <div>
      <div
        className="row"
      >
        <h4
          id="review-title"
        />
      </div>
      <div
        className="row"
        id="review-block-rate"
      >
        <ul
          className="rc-rate"
          onBlur={[Function]}
          onFocus={[Function]}
          onKeyDown={[Function]}
          onMouseLeave={[Function]}
          role="radiogroup"
          style={Object {}}
          tabIndex={0}
        >
          <li
            aria-checked="false"
            aria-posinset={1}
            aria-setsize={5}
            className="rc-rate-star rc-rate-star-zero"
            onClick={[Function]}
            onKeyDown={[Function]}
            onMouseMove={[Function]}
            role="radio"
            tabIndex={0}
          >
            <div
              className="rc-rate-star-first"
            >
              ★
            </div>
            <div
              className="rc-rate-star-second"
            >
              ★
            </div>
          </li>
          <li
            aria-checked="false"
            aria-posinset={2}
            aria-setsize={5}
            className="rc-rate-star rc-rate-star-zero"
            onClick={[Function]}
            onKeyDown={[Function]}
            onMouseMove={[Function]}
            role="radio"
            tabIndex={0}
          >
            <div
              className="rc-rate-star-first"
            >
              ★
            </div>
            <div
              className="rc-rate-star-second"
            >
              ★
            </div>
          </li>
          <li
            aria-checked="false"
            aria-posinset={3}
            aria-setsize={5}
            className="rc-rate-star rc-rate-star-zero"
            onClick={[Function]}
            onKeyDown={[Function]}
            onMouseMove={[Function]}
            role="radio"
            tabIndex={0}
          >
            <div
              className="rc-rate-star-first"
            >
              ★
            </div>
            <div
              className="rc-rate-star-second"
            >
              ★
            </div>
          </li>
          <li
            aria-checked="false"
            aria-posinset={4}
            aria-setsize={5}
            className="rc-rate-star rc-rate-star-zero"
            onClick={[Function]}
            onKeyDown={[Function]}
            onMouseMove={[Function]}
            role="radio"
            tabIndex={0}
          >
            <div
              className="rc-rate-star-first"
            >
              ★
            </div>
            <div
              className="rc-rate-star-second"
            >
              ★
            </div>
          </li>
          <li
            aria-checked="false"
            aria-posinset={5}
            aria-setsize={5}
            className="rc-rate-star rc-rate-star-zero"
            onClick={[Function]}
            onKeyDown={[Function]}
            onMouseMove={[Function]}
            role="radio"
            tabIndex={0}
          >
            <div
              className="rc-rate-star-first"
            >
              ★
            </div>
            <div
              className="rc-rate-star-second"
            >
              ★
            </div>
          </li>
        </ul>
      </div>
      <div
        className="row"
      />
      <br />
      <div
        className="btn-group"
        role="group"
      >
        <button
          className="btn btn-outline-warning btn-sm"
          onClick={[Function]}
          type="button"
        >
          Edit Review
        </button>
      </div>
    </div>
  </div>
  <div
    className="container"
    id="review-block"
  >
    <div>
      <div
        className="row"
      >
        <h4
          id="review-title"
        />
      </div>
      <div
        className="row"
        id="review-block-rate"
      >
        <ul
          className="rc-rate"
          onBlur={[Function]}
          onFocus={[Function]}
          onKeyDown={[Function]}
          onMouseLeave={[Function]}
          role="radiogroup"
          style={Object {}}
          tabIndex={0}
        >
          <li
            aria-checked="false"
            aria-posinset={1}
            aria-setsize={5}
            className="rc-rate-star rc-rate-star-zero"
            onClick={[Function]}
            onKeyDown={[Function]}
            onMouseMove={[Function]}
            role="radio"
            tabIndex={0}
          >
            <div
              className="rc-rate-star-first"
            >
              ★
            </div>
            <div
              className="rc-rate-star-second"
            >
              ★
            </div>
          </li>
          <li
            aria-checked="false"
            aria-posinset={2}
            aria-setsize={5}
            className="rc-rate-star rc-rate-star-zero"
            onClick={[Function]}
            onKeyDown={[Function]}
            onMouseMove={[Function]}
            role="radio"
            tabIndex={0}
          >
            <div
              className="rc-rate-star-first"
            >
              ★
            </div>
            <div
              className="rc-rate-star-second"
            >
              ★
            </div>
          </li>
          <li
            aria-checked="false"
            aria-posinset={3}
            aria-setsize={5}
            className="rc-rate-star rc-rate-star-zero"
            onClick={[Function]}
            onKeyDown={[Function]}
            onMouseMove={[Function]}
            role="radio"
            tabIndex={0}
          >
            <div
              className="rc-rate-star-first"
            >
              ★
            </div>
            <div
              className="rc-rate-star-second"
            >
              ★
            </div>
          </li>
          <li
            aria-checked="false"
            aria-posinset={4}
            aria-setsize={5}
            className="rc-rate-star rc-rate-star-zero"
            onClick={[Function]}
            onKeyDown={[Function]}
            onMouseMove={[Function]}
            role="radio"
            tabIndex={0}
          >
            <div
              className="rc-rate-star-first"
            >
              ★
            </div>
            <div
              className="rc-rate-star-second"
            >
              ★
            </div>
          </li>
          <li
            aria-checked="false"
            aria-posinset={5}
            aria-setsize={5}
            className="rc-rate-star rc-rate-star-zero"
            onClick={[Function]}
            onKeyDown={[Function]}
            onMouseMove={[Function]}
            role="radio"
            tabIndex={0}
          >
            <div
              className="rc-rate-star-first"
            >
              ★
            </div>
            <div
              className="rc-rate-star-second"
            >
              ★
            </div>
          </li>
        </ul>
      </div>
      <div
        className="row"
      />
      <br />
      <div
        className="btn-group"
        role="group"
      >
        <button
          className="btn btn-outline-warning btn-sm"
          onClick={[Function]}
          type="button"
        >
          Edit Review
        </button>
      </div>
    </div>
  </div>
</div>
`;
